// Jest Snapshot v1, https://goo.gl/fbAQLP

exports[`Login component snapshot testing initial test 1`] = `
<div>
  <h2>
    Please Login
  </h2>
  <form
    onSubmit={[Function]}
  >
    <input
      onChange={[Function]}
      value=""
    />
    <br />
    <input
      onChange={[Function]}
      type="password"
      value=""
    />
    <br />
    <input
      type="submit"
      value="Login"
    />
  </form>
</div>
`;
